// Jest Snapshot v1, https://goo.gl/fbAQLP

exports[`should render ExpenseListItem with expense 1`] = `
<div>
  <Link
    className="list-item"
    replace={false}
    to="/edit/1"
  >
    <div>
      <h3
        className="list-item__title"
      >
        Water
      </h3>
      <span
        className="list-item__sub-title"
      >
        January 1st, 1970
      </span>
    </div>
    <h3
      className="list-item__data"
    >
      $150,000.00
    </h3>
  </Link>
</div>
`;
